Hiraeth Railway Dockerfile build fix — repro transcript
Repo: /home/mei/projects/hiraeth @ e379968
Bug: builder stage did COPY mix.exs mix.lock ./ then 'RUN mix deps.get --only prod'; mix.exs:152 aliases/0 reads priv/test_lanes.exs via Code.eval_file at project-config load -> Code.LoadError enoent. Fix: Dockerfile line 46 now 'COPY mix.exs mix.lock priv/test_lanes.exs ./'.
Phase 1 (no priv/test_lanes.exs in scratch build context): MIX_ENV=prod mix deps.get --only prod ->
** (Code.LoadError) could not load /tmp/opencode/hiraeth-build-check/priv/test_lanes.exs. Reason: enoent
    (elixir 1.18.4) lib/code.ex:2219: Code.find_file!/2
    (elixir 1.18.4) lib/code.ex:1464: Code.eval_file/2
    mix.exs:152: Hiraeth.MixProject.test_lanes/0
    mix.exs:153: Hiraeth.MixProject.exclude_args/0
    mix.exs:127: Hiraeth.MixProject.aliases/0
    mix.exs:11: Hiraeth.MixProject.project/0
    (mix 1.18.4) lib/mix/project.ex:1004: Mix.Project.get_project_config/1
    (mix 1.18.4) lib/mix/project.ex:218: Mix.Project.push_config/2

Phase 2 (priv/test_lanes.exs copied, mirroring the Dockerfile fix): MIX_ENV=prod mix deps.get --only prod -> project-config load passed, all 56 deps resolved+fetched, no LoadError, exit 0.
Acceptance: Code.LoadError without the file; full deps.get success with it.
** (Code.LoadError) could not load /tmp/opencode/hiraeth-build-check/priv/test_lanes.exs. Reason: enoent
    (elixir 1.18.4) lib/code.ex:2219: Code.find_file!/2
    (elixir 1.18.4) lib/code.ex:1464: Code.eval_file/2
    mix.exs:152: Hiraeth.MixProject.test_lanes/0
    mix.exs:153: Hiraeth.MixProject.exclude_args/0
    mix.exs:127: Hiraeth.MixProject.aliases/0
    mix.exs:11: Hiraeth.MixProject.project/0
    (mix 1.18.4) lib/mix/project.ex:1004: Mix.Project.get_project_config/1
    (mix 1.18.4) lib/mix/project.ex:218: Mix.Project.push_config/2
* Getting heroicons (https://github.com/tailwindlabs/heroicons.git - v2.2.0)
Resolving Hex dependencies...
Resolution completed in 0.277s
Unchanged:
  ash 3.31.0
  ash_phoenix 2.3.24
  ash_postgres 2.11.0
  ash_sql 0.6.6
  bandit 1.12.4
  crux 0.1.4
  db_connection 2.10.2
  decimal 3.1.1
  dns_cluster 0.2.0
  ecto 3.14.1
  ecto_sql 3.14.0
  esbuild 0.10.0
  ets 0.9.0
  expo 1.1.1
  finch 0.23.0
  gettext 1.0.2
  hpax 1.0.4
  iterex 0.1.2
  jason 1.4.5
  logger_json 7.0.4
  mime 2.0.7
  mint 1.9.3
  multigraph 0.16.1-mg.4
  nimble_options 1.1.1
  nimble_pool 1.1.0
  oban 2.23.0
  phoenix 1.8.9
  phoenix_ecto 4.7.0
  phoenix_html 4.3.0
  phoenix_live_dashboard 0.8.7
  phoenix_live_view 1.2.8
  phoenix_pubsub 2.2.0
  phoenix_template 1.0.4
  plug 1.20.3
  plug_crypto 2.2.0
  postgrex 0.22.4
  reactor 1.0.3
  req 0.7.2
  simple_sat 0.1.4
  spark 2.7.2
  splode 0.3.1
  stream_data 1.4.0
  tailwind 0.5.0
  telemetry 1.4.2
  telemetry_metrics 1.1.0
  telemetry_poller 1.3.0
  thousand_island 1.5.0
  websock 0.5.3
  websock_adapter 0.6.0
  yamerl 0.10.0
  yaml_elixir 2.12.2
  ymlr 5.1.6
* Getting phoenix (Hex package)
* Getting ash (Hex package)
* Getting ash_postgres (Hex package)
* Getting ash_phoenix (Hex package)
* Getting simple_sat (Hex package)
* Getting phoenix_ecto (Hex package)
* Getting ecto_sql (Hex package)
* Getting postgrex (Hex package)
* Getting phoenix_html (Hex package)
* Getting phoenix_live_view (Hex package)
* Getting phoenix_live_dashboard (Hex package)
* Getting esbuild (Hex package)
* Getting tailwind (Hex package)
* Getting req (Hex package)
* Getting telemetry_metrics (Hex package)
* Getting telemetry_poller (Hex package)
* Getting gettext (Hex package)
* Getting jason (Hex package)
* Getting logger_json (Hex package)
* Getting dns_cluster (Hex package)
* Getting bandit (Hex package)
* Getting oban (Hex package)
* Getting telemetry (Hex package)
* Getting hpax (Hex package)
* Getting plug (Hex package)
* Getting thousand_island (Hex package)
* Getting websock (Hex package)
* Getting mime (Hex package)
* Getting plug_crypto (Hex package)
* Getting expo (Hex package)
* Getting finch (Hex package)
* Getting mint (Hex package)
* Getting nimble_options (Hex package)
* Getting nimble_pool (Hex package)
* Getting phoenix_template (Hex package)
* Getting db_connection (Hex package)
* Getting decimal (Hex package)
* Getting ecto (Hex package)
* Getting spark (Hex package)
* Getting ash_sql (Hex package)
* Getting crux (Hex package)
* Getting ets (Hex package)
* Getting reactor (Hex package)
* Getting splode (Hex package)
* Getting stream_data (Hex package)
* Getting iterex (Hex package)
* Getting multigraph (Hex package)
* Getting yaml_elixir (Hex package)
* Getting ymlr (Hex package)
* Getting yamerl (Hex package)
* Getting phoenix_pubsub (Hex package)
* Getting websock_adapter (Hex package)
You have added/upgraded packages you could sponsor, run `mix hex.sponsor` to learn more
