=== docs_qa_pack + no_scope_creep (2026-08-08T11:56:15-04:00) ===
Running ExUnit with seed: 555931, max_cases: 32
Excluding tags: [:nightly]

...........
Finished in 0.09 seconds (0.09s async, 0.00s sync)
11 tests, 0 failures
EXIT: 0
=== mix gate (2026-08-08T11:56:19-04:00) ===
Checking 214 source files (this might take a while) ...

Please report incorrect results: https://github.com/rrrene/credo/issues

Analysis took 1.2 seconds (0.07s to load, 1.1s running 69 checks on 214 files)
2321 mods/funs, found no issues.

Use `mix credo explain` to explain issues, `mix credo --help` for options.
Running ExUnit with seed: 413027, max_cases: 32
Excluding tags: [:slow, :full_catalog, :integration, :performance, :browser, :public_catalog_full, :nightly]

...................................warning: setting `adapter` to a function is deprecated in favour of setting it to a module
  (req 0.7.2) lib/req/request.ex:1069: Req.Request.adapter/1
  (req 0.7.2) lib/req/request.ex:1053: Req.Request.run_request/2
  (req 0.7.2) lib/req/request.ex:997: Req.Request.run/1
  (req 0.7.2) lib/req.ex:1154: Req.request!/2
  (hiraeth 1.0.0) lib/hiraeth/covers.ex:640: Hiraeth.Covers.req_fetch!/4
  (hiraeth 1.0.0) lib/hiraeth/ingestion/cover_pipeline.ex:217: Hiraeth.Ingestion.CoverPipeline.fetch_cover/3
  (hiraeth 1.0.0) lib/hiraeth/ingestion/cover_pipeline.ex:176: Hiraeth.Ingestion.CoverPipeline.process_cover/5
  (elixir 1.18.4) lib/task/supervised.ex:101: Task.Supervised.invoke_mfa/2
  (elixir 1.18.4) lib/task/supervised.ex:36: Task.Supervised.reply/4

.........    warning: unused alias SourceLedgerEntry
    │
 10 │   alias Hiraeth.Sources.{SourceLedgerEntry, SourceRecord}
    │   ~
    │
    └─ test/hiraeth/ingestion/e2e_ingestion_stealthy_test.exs:10:3

......................     warning: function provider_record_count/2 is unused
     │
 897 │   defp provider_record_count(datasets, provider) do
     │        ~
     │
     └─ test/hiraeth/real_catalog_importer_test.exs:897:8: Hiraeth.RealCatalogImporterTest (module)

...........................................................................................................................    warning: unused alias Contribution
    │
  9 │   alias Hiraeth.Catalog.{
    │   ~
    │
    └─ test/hiraeth/real_catalog_importer_test.exs:9:3

    warning: unused alias Imprint
    │
  9 │   alias Hiraeth.Catalog.{
    │   ~
    │
    └─ test/hiraeth/real_catalog_importer_test.exs:9:3

    warning: unused alias Repo
    │
 24 │   alias Hiraeth.Repo
    │   ~
    │
    └─ test/hiraeth/real_catalog_importer_test.exs:24:3

    warning: unused alias Series
    │
  9 │   alias Hiraeth.Catalog.{
    │   ~
    │
    └─ test/hiraeth/real_catalog_importer_test.exs:9:3

    warning: unused alias SeriesMembership
    │
  9 │   alias Hiraeth.Catalog.{
    │   ~
    │
    └─ test/hiraeth/real_catalog_importer_test.exs:9:3

    warning: unused alias SourceLedgerEntry
    │
 25 │   alias Hiraeth.Sources.{SourceLedgerEntry, SourceRecord}
    │   ~
    │
    └─ test/hiraeth/real_catalog_importer_test.exs:25:3

warning: setting `adapter` to a function is deprecated in favour of setting it to a module
  (req 0.7.2) lib/req/request.ex:1069: Req.Request.adapter/1
  (req 0.7.2) lib/req/request.ex:1053: Req.Request.run_request/2
  (req 0.7.2) lib/req/request.ex:997: Req.Request.run/1
  (req 0.7.2) lib/req.ex:1154: Req.request!/2
  (hiraeth 1.0.0) lib/hiraeth/covers.ex:640: Hiraeth.Covers.req_fetch!/4
  (hiraeth 1.0.0) lib/hiraeth/covers.ex:319: Hiraeth.Covers.fetch_into_cache/5
  (elixir 1.18.4) lib/task/supervised.ex:101: Task.Supervised.invoke_mfa/2
  (elixir 1.18.4) lib/task/supervised.ex:36: Task.Supervised.reply/4

warning: setting `adapter` to a function is deprecated in favour of setting it to a module
  (req 0.7.2) lib/req/request.ex:1069: Req.Request.adapter/1
  (req 0.7.2) lib/req/request.ex:1053: Req.Request.run_request/2
  (req 0.7.2) lib/req/request.ex:997: Req.Request.run/1
  (req 0.7.2) lib/req.ex:1154: Req.request!/2
  (hiraeth 1.0.0) lib/hiraeth/covers.ex:696: Hiraeth.Covers.follow_safe_cover_redirects/5
  (hiraeth 1.0.0) lib/hiraeth/covers.ex:641: Hiraeth.Covers.req_fetch!/4
  (hiraeth 1.0.0) lib/hiraeth/covers.ex:319: Hiraeth.Covers.fetch_into_cache/5
  (elixir 1.18.4) lib/task/supervised.ex:101: Task.Supervised.invoke_mfa/2
  (elixir 1.18.4) lib/task/supervised.ex:36: Task.Supervised.reply/4

......................................................................warning: setting `adapter` to a function is deprecated in favour of setting it to a module
  (req 0.7.2) lib/req/request.ex:1069: Req.Request.adapter/1
  (req 0.7.2) lib/req/request.ex:1053: Req.Request.run_request/2
  (req 0.7.2) lib/req/request.ex:997: Req.Request.run/1
  (req 0.7.2) lib/req.ex:1154: Req.request!/2
  (hiraeth 1.0.0) lib/hiraeth/covers.ex:640: Hiraeth.Covers.req_fetch!/4
  (hiraeth 1.0.0) lib/hiraeth/covers.ex:319: Hiraeth.Covers.fetch_into_cache/5
  (elixir 1.18.4) lib/task/supervised.ex:101: Task.Supervised.invoke_mfa/2
  (elixir 1.18.4) lib/task/supervised.ex:36: Task.Supervised.reply/4

....warning: setting `adapter` to a function is deprecated in favour of setting it to a module
  (req 0.7.2) lib/req/request.ex:1069: Req.Request.adapter/1
  (req 0.7.2) lib/req/request.ex:1053: Req.Request.run_request/2
  (req 0.7.2) lib/req/request.ex:997: Req.Request.run/1
  (req 0.7.2) lib/req.ex:1154: Req.request!/2
  (hiraeth 1.0.0) lib/hiraeth/covers.ex:640: Hiraeth.Covers.req_fetch!/4
  (hiraeth 1.0.0) lib/hiraeth/covers.ex:319: Hiraeth.Covers.fetch_into_cache/5
  (elixir 1.18.4) lib/task/supervised.ex:101: Task.Supervised.invoke_mfa/2
  (elixir 1.18.4) lib/task/supervised.ex:36: Task.Supervised.reply/4

warning: setting `adapter` to a function is deprecated in favour of setting it to a module
  (req 0.7.2) lib/req/request.ex:1069: Req.Request.adapter/1
  (req 0.7.2) lib/req/request.ex:1053: Req.Request.run_request/2
  (req 0.7.2) lib/req/request.ex:997: Req.Request.run/1
  (req 0.7.2) lib/req.ex:1154: Req.request!/2
  (hiraeth 1.0.0) lib/hiraeth/covers.ex:696: Hiraeth.Covers.follow_safe_cover_redirects/5
  (hiraeth 1.0.0) lib/hiraeth/covers.ex:641: Hiraeth.Covers.req_fetch!/4
  (hiraeth 1.0.0) lib/hiraeth/covers.ex:319: Hiraeth.Covers.fetch_into_cache/5
  (elixir 1.18.4) lib/task/supervised.ex:101: Task.Supervised.invoke_mfa/2
  (elixir 1.18.4) lib/task/supervised.ex:36: Task.Supervised.reply/4

..........11:56:24.745 [warning] enriched detail for 1 records
...............................................................................................................11:56:31.591 [warning] sidecar detail enrichment failed for https://publisher.example/books/detail-needed: {:parse_failed, "detail failed"}
........Usage: mix hiraeth.ingest --provider <slug> [--manifest <path>] [--dry-run] [--json] [--wait] [--replay RUN_ID] [--cancel RUN_ID]
..manifest load failed: manifest validation failed for /home/mei/projects/hiraeth/test/support/fixtures/provider_manifests/invalid_missing_fields.json:
  - source_mode is required
  - not_legal_advice is required
  - cover_cache_policy is required
  - excluded_content is required
  - takedown_contact is required
  - permission_basis is required
  - cover_hosts is required
  - source_hosts is required
  - source_urls is required
.Ingestion started for provider: test_publisher_api
Provider run ID: b4f8f446-00c2-446a-9836-d2726834dd59
Job ID: 1240
Ingestion completed for provider: test_publisher_api
provider_run_id=b4f8f446-00c2-446a-9836-d2726834dd59
source_records=0
editions=0
covers=0
.Ingestion started for provider: test_publisher_api
Provider run ID: 12709cc7-3c48-4646-9203-3faef33ee29c
Job ID: 1241
Ingestion completed for provider: test_publisher_api
provider_run_id=12709cc7-3c48-4646-9203-3faef33ee29c
source_records=0
editions=0
covers=0
.{"action":"ingest","oban_job_id":1243,"provider":"test_publisher_api","run_id":"2f4d3dcb-791b-4091-8377-517b6c732c0b","status":"started","wait":false}
............
Finished in 13.3 seconds (4.9s async, 8.3s sync)
516 tests, 0 failures, 107 excluded
GATE EXIT: 0
=== grep proofs (2026-08-08T11:56:40-04:00) ===
--- :nightly in test/AGENTS.md ---
25:| `:nightly` | opt-in lane: excluded by default from every lane; run with `--include nightly`; owned by the deep-lane nightly coverage job |
30:The slow/full_catalog/integration/performance/browser/public_catalog_full list lives in **`priv/test_lanes.exs`** and is the single source of truth for `mix.exs` alias composition. `mix test.fast`, `mix test.full`, and `mix ci` all derive their `--exclude` / `--include` flags from it. `priv/test_lanes.exs` also owns `nightly_tags` — the opt-in `:nightly` lane that `test/test_helper.exs` default-excludes from every lane and that is re-enabled with `--include nightly`. The contract test `test/hiraeth/mix_alias_contract_test.exs` asserts `priv/test_lanes.exs` and `mix.exs` stay in sync — add a tag there once, and every lane picks it up.
40:- Tag exclusions live in the `mix test.fast` alias (not `test_helper.exs`) and are locked by `test/hiraeth/mix_alias_contract_test.exs`; the `:nightly` opt-in lane is the sole exception — `test/test_helper.exs` default-excludes it from `priv/test_lanes.exs` `nightly_tags`; the sandbox runs in manual mode, so DataCase/ConnCase own their connections.
--- opt-in in README.md ---
63:- **Layer 2 — deep lane (`deep.yml`):** `.github/workflows/deep.yml` runs dialyzer, the full suite as a 3-partition test matrix on merge to `main` and manual dispatch, a nightly coverage job (the explicit `:nightly` opt-in) enforcing the 86.1 floor, plus assets, provenance audit, ingestion drills, sidecar pytest/ruff/pyright/uv-audit, and release image builds.
77:mix test.full        # complete ExUnit suite minus the opt-in :nightly lane (mix test --only nightly for the nightly sweep)
--- nightly in CHANGELOG.md (head -3) ---
23:- `:nightly` is now a first-class opt-in test lane: `priv/test_lanes.exs` owns `nightly_tags`, and `test/test_helper.exs` default-excludes `:nightly` from every lane (bare `mix test`, `mix test.fast`, `mix test.full`, `mix ci`). Re-enable it with `--include nightly` (`mix test --only nightly` for the nightly sweep). The deep-lane nightly coverage job opts in explicitly (`mix coveralls --include nightly`, 86.1 floor unchanged), and the full-suite job's ad-hoc `--exclude nightly` flag is gone.
24:- CI consolidated: the deep lane runs the full suite as a 3-partition test matrix on merge to `main` and manual dispatch, with the coveralls 86.1 coverage floor enforced by a nightly-only coverage job; devenv is the local dev/test environment only and no CI lane invokes it.
